GowinSynthesis start
Running parser ...
Analyzing Verilog file '/home/muheet/Documents/picotiny/project/src/alu.v'
Analyzing Verilog file '/home/muheet/Documents/picotiny/project/src/gowin_sp/gowin_sp.v'
Analyzing Verilog file '/home/muheet/picotiny/gowin_ip/bootram_2kx8_0/bootram_2kx8_0.v'
Analyzing Verilog file '/home/muheet/picotiny/gowin_ip/bootram_2kx8_1/bootram_2kx8_1.v'
Analyzing Verilog file '/home/muheet/picotiny/gowin_ip/bootram_2kx8_2/bootram_2kx8_2.v'
Analyzing Verilog file '/home/muheet/picotiny/gowin_ip/bootram_2kx8_3/bootram_2kx8_3.v'
Analyzing Verilog file '/home/muheet/picotiny/gowin_ip/gowin_clkdiv/gowin_clkdiv.v'
Analyzing Verilog file '/home/muheet/picotiny/gowin_ip/gowin_rpll/gowin_rpll.v'
Analyzing Verilog file '/home/muheet/picotiny/gowin_ip/sram_2kx8/sram_2kx8.v'
Analyzing Verilog file '/home/muheet/picotiny/hw/hdmi/svo_defines.vh'
Analyzing Verilog file '/home/muheet/picotiny/hw/hdmi/svo_enc.v'
Analyzing included file '/home/muheet/picotiny/hw/hdmi/svo_defines.vh'("/home/muheet/picotiny/hw/hdmi/svo_enc.v":21)
Back to file '/home/muheet/picotiny/hw/hdmi/svo_enc.v'("/home/muheet/picotiny/hw/hdmi/svo_enc.v":21)
Analyzing Verilog file '/home/muheet/picotiny/hw/hdmi/svo_hdmi_top.v'
Analyzing included file '/home/muheet/picotiny/hw/hdmi/svo_defines.vh'("/home/muheet/picotiny/hw/hdmi/svo_hdmi_top.v":21)
Back to file '/home/muheet/picotiny/hw/hdmi/svo_hdmi_top.v'("/home/muheet/picotiny/hw/hdmi/svo_hdmi_top.v":21)
Undeclared symbol 'term_in_tready', assumed default net type 'wire'("/home/muheet/picotiny/hw/hdmi/svo_hdmi_top.v":115)
Analyzing Verilog file '/home/muheet/picotiny/hw/hdmi/svo_openldi.v'
Analyzing included file '/home/muheet/picotiny/hw/hdmi/svo_defines.vh'("/home/muheet/picotiny/hw/hdmi/svo_openldi.v":21)
Back to file '/home/muheet/picotiny/hw/hdmi/svo_openldi.v'("/home/muheet/picotiny/hw/hdmi/svo_openldi.v":21)
Analyzing Verilog file '/home/muheet/picotiny/hw/hdmi/svo_tcard.v'
Analyzing included file '/home/muheet/picotiny/hw/hdmi/svo_defines.vh'("/home/muheet/picotiny/hw/hdmi/svo_tcard.v":21)
Back to file '/home/muheet/picotiny/hw/hdmi/svo_tcard.v'("/home/muheet/picotiny/hw/hdmi/svo_tcard.v":21)
Analyzing Verilog file '/home/muheet/picotiny/hw/hdmi/svo_term.v'
Analyzing included file '/home/muheet/picotiny/hw/hdmi/svo_defines.vh'("/home/muheet/picotiny/hw/hdmi/svo_term.v":21)
Back to file '/home/muheet/picotiny/hw/hdmi/svo_term.v'("/home/muheet/picotiny/hw/hdmi/svo_term.v":21)
Analyzing Verilog file '/home/muheet/picotiny/hw/hdmi/svo_tmds.v'
Analyzing included file '/home/muheet/picotiny/hw/hdmi/svo_defines.vh'("/home/muheet/picotiny/hw/hdmi/svo_tmds.v":21)
Back to file '/home/muheet/picotiny/hw/hdmi/svo_tmds.v'("/home/muheet/picotiny/hw/hdmi/svo_tmds.v":21)
Analyzing Verilog file '/home/muheet/picotiny/hw/hdmi/svo_utils.v'
Analyzing included file '/home/muheet/picotiny/hw/hdmi/svo_defines.vh'("/home/muheet/picotiny/hw/hdmi/svo_utils.v":21)
Back to file '/home/muheet/picotiny/hw/hdmi/svo_utils.v'("/home/muheet/picotiny/hw/hdmi/svo_utils.v":21)
Analyzing Verilog file '/home/muheet/picotiny/hw/hdmi/svo_vdma.v'
Analyzing included file '/home/muheet/picotiny/hw/hdmi/svo_defines.vh'("/home/muheet/picotiny/hw/hdmi/svo_vdma.v":21)
Back to file '/home/muheet/picotiny/hw/hdmi/svo_vdma.v'("/home/muheet/picotiny/hw/hdmi/svo_vdma.v":21)
Analyzing Verilog file '/home/muheet/picotiny/hw/picomemory.v'
Analyzing Verilog file '/home/muheet/picotiny/hw/picoperipheral.v'
WARN  (EX3788) : Block identifier is required on this block("/home/muheet/picotiny/hw/picoperipheral.v":124)
Analyzing Verilog file '/home/muheet/picotiny/hw/picorv32.v'
Undeclared symbol 'decoder_trigger', assumed default net type 'wire'("/home/muheet/picotiny/hw/picorv32.v":116)
Undeclared symbol 'decoder_pseudo_trigger', assumed default net type 'wire'("/home/muheet/picotiny/hw/picorv32.v":117)
Undeclared symbol 'instr_lui', assumed default net type 'wire'("/home/muheet/picotiny/hw/picorv32.v":119)
Undeclared symbol 'instr_auipc', assumed default net type 'wire'("/home/muheet/picotiny/hw/picorv32.v":120)
Undeclared symbol 'instr_jal', assumed default net type 'wire'("/home/muheet/picotiny/hw/picorv32.v":121)
Undeclared symbol 'instr_jalr', assumed default net type 'wire'("/home/muheet/picotiny/hw/picorv32.v":122)
Undeclared symbol 'is_beq_bne_blt_bge_bltu_bgeu', assumed default net type 'wire'("/home/muheet/picotiny/hw/picorv32.v":123)
Undeclared symbol 'is_lb_lh_lw_lbu_lhu', assumed default net type 'wire'("/home/muheet/picotiny/hw/picorv32.v":124)
Undeclared symbol 'is_sb_sh_sw', assumed default net type 'wire'("/home/muheet/picotiny/hw/picorv32.v":125)
Undeclared symbol 'is_alu_reg_imm', assumed default net type 'wire'("/home/muheet/picotiny/hw/picorv32.v":126)
Undeclared symbol 'is_alu_reg_reg', assumed default net type 'wire'("/home/muheet/picotiny/hw/picorv32.v":127)
Undeclared symbol 'instr_beq', assumed default net type 'wire'("/home/muheet/picotiny/hw/picorv32.v":129)
Undeclared symbol 'instr_bne', assumed default net type 'wire'("/home/muheet/picotiny/hw/picorv32.v":130)
Undeclared symbol 'instr_blt', assumed default net type 'wire'("/home/muheet/picotiny/hw/picorv32.v":131)
Undeclared symbol 'instr_bge', assumed default net type 'wire'("/home/muheet/picotiny/hw/picorv32.v":132)
Undeclared symbol 'instr_bltu', assumed default net type 'wire'("/home/muheet/picotiny/hw/picorv32.v":133)
Undeclared symbol 'instr_bgeu', assumed default net type 'wire'("/home/muheet/picotiny/hw/picorv32.v":134)
Undeclared symbol 'instr_lb', assumed default net type 'wire'("/home/muheet/picotiny/hw/picorv32.v":136)
Undeclared symbol 'instr_lh', assumed default net type 'wire'("/home/muheet/picotiny/hw/picorv32.v":137)
Undeclared symbol 'instr_lw', assumed default net type 'wire'("/home/muheet/picotiny/hw/picorv32.v":138)
Undeclared symbol 'instr_lbu', assumed default net type 'wire'("/home/muheet/picotiny/hw/picorv32.v":139)
Undeclared symbol 'instr_lhu', assumed default net type 'wire'("/home/muheet/picotiny/hw/picorv32.v":140)
Undeclared symbol 'instr_sb', assumed default net type 'wire'("/home/muheet/picotiny/hw/picorv32.v":142)
Undeclared symbol 'instr_sh', assumed default net type 'wire'("/home/muheet/picotiny/hw/picorv32.v":143)
Undeclared symbol 'instr_sw', assumed default net type 'wire'("/home/muheet/picotiny/hw/picorv32.v":144)
Undeclared symbol 'instr_addi', assumed default net type 'wire'("/home/muheet/picotiny/hw/picorv32.v":146)
Undeclared symbol 'instr_slti', assumed default net type 'wire'("/home/muheet/picotiny/hw/picorv32.v":147)
Undeclared symbol 'instr_sltiu', assumed default net type 'wire'("/home/muheet/picotiny/hw/picorv32.v":148)
Undeclared symbol 'instr_xori', assumed default net type 'wire'("/home/muheet/picotiny/hw/picorv32.v":149)
Undeclared symbol 'instr_ori', assumed default net type 'wire'("/home/muheet/picotiny/hw/picorv32.v":150)
Undeclared symbol 'instr_andi', assumed default net type 'wire'("/home/muheet/picotiny/hw/picorv32.v":151)
Undeclared symbol 'instr_slli', assumed default net type 'wire'("/home/muheet/picotiny/hw/picorv32.v":153)
Undeclared symbol 'instr_srli', assumed default net type 'wire'("/home/muheet/picotiny/hw/picorv32.v":154)
Undeclared symbol 'instr_srai', assumed default net type 'wire'("/home/muheet/picotiny/hw/picorv32.v":155)
Undeclared symbol 'instr_add', assumed default net type 'wire'("/home/muheet/picotiny/hw/picorv32.v":157)
Undeclared symbol 'instr_sub', assumed default net type 'wire'("/home/muheet/picotiny/hw/picorv32.v":158)
Undeclared symbol 'instr_sll', assumed default net type 'wire'("/home/muheet/picotiny/hw/picorv32.v":159)
Undeclared symbol 'instr_slt', assumed default net type 'wire'("/home/muheet/picotiny/hw/picorv32.v":160)
Undeclared symbol 'instr_sltu', assumed default net type 'wire'("/home/muheet/picotiny/hw/picorv32.v":161)
Undeclared symbol 'instr_xor', assumed default net type 'wire'("/home/muheet/picotiny/hw/picorv32.v":162)
Undeclared symbol 'instr_srl', assumed default net type 'wire'("/home/muheet/picotiny/hw/picorv32.v":163)
Undeclared symbol 'instr_sra', assumed default net type 'wire'("/home/muheet/picotiny/hw/picorv32.v":164)
Undeclared symbol 'instr_or', assumed default net type 'wire'("/home/muheet/picotiny/hw/picorv32.v":165)
Undeclared symbol 'instr_and', assumed default net type 'wire'("/home/muheet/picotiny/hw/picorv32.v":166)
Undeclared symbol 'instr_rdcycle', assumed default net type 'wire'("/home/muheet/picotiny/hw/picorv32.v":168)
Undeclared symbol 'instr_rdinstr', assumed default net type 'wire'("/home/muheet/picotiny/hw/picorv32.v":169)
Undeclared symbol 'is_slli_srli_srai', assumed default net type 'wire'("/home/muheet/picotiny/hw/picorv32.v":171)
Undeclared symbol 'is_jalr_addi_slti_sltiu_xori_ori_andi', assumed default net type 'wire'("/home/muheet/picotiny/hw/picorv32.v":172)
Undeclared symbol 'is_sll_srl_sra', assumed default net type 'wire'("/home/muheet/picotiny/hw/picorv32.v":173)
Undeclared symbol 'decoded_rd', assumed default net type 'wire'("/home/muheet/picotiny/hw/picorv32.v":175)
Undeclared symbol 'decoded_rs1', assumed default net type 'wire'("/home/muheet/picotiny/hw/picorv32.v":176)
Undeclared symbol 'decoded_rs2', assumed default net type 'wire'("/home/muheet/picotiny/hw/picorv32.v":177)
Undeclared symbol 'decoded_imm_j', assumed default net type 'wire'("/home/muheet/picotiny/hw/picorv32.v":179)
WARN  (EX3638) : 'instr_lui' is already implicitly declared on line 119("/home/muheet/picotiny/hw/picorv32.v":236)
WARN  (EX3638) : 'instr_auipc' is already implicitly declared on line 120("/home/muheet/picotiny/hw/picorv32.v":236)
WARN  (EX3638) : 'instr_jal' is already implicitly declared on line 121("/home/muheet/picotiny/hw/picorv32.v":236)
WARN  (EX3638) : 'instr_jalr' is already implicitly declared on line 122("/home/muheet/picotiny/hw/picorv32.v":236)
WARN  (EX3638) : 'instr_beq' is already implicitly declared on line 129("/home/muheet/picotiny/hw/picorv32.v":237)
WARN  (EX3638) : 'instr_bne' is already implicitly declared on line 130("/home/muheet/picotiny/hw/picorv32.v":237)
WARN  (EX3638) : 'instr_blt' is already implicitly declared on line 131("/home/muheet/picotiny/hw/picorv32.v":237)
WARN  (EX3638) : 'instr_bge' is already implicitly declared on line 132("/home/muheet/picotiny/hw/picorv32.v":237)
WARN  (EX3638) : 'instr_bltu' is already implicitly declared on line 133("/home/muheet/picotiny/hw/picorv32.v":237)
WARN  (EX3638) : 'instr_bgeu' is already implicitly declared on line 134("/home/muheet/picotiny/hw/picorv32.v":237)
WARN  (EX3638) : 'instr_lb' is already implicitly declared on line 136("/home/muheet/picotiny/hw/picorv32.v":238)
WARN  (EX3638) : 'instr_lh' is already implicitly declared on line 137("/home/muheet/picotiny/hw/picorv32.v":238)
WARN  (EX3638) : 'instr_lw' is already implicitly declared on line 138("/home/muheet/picotiny/hw/picorv32.v":238)
WARN  (EX3638) : 'instr_lbu' is already implicitly declared on line 139("/home/muheet/picotiny/hw/picorv32.v":238)
WARN  (EX3638) : 'instr_lhu' is already implicitly declared on line 140("/home/muheet/picotiny/hw/picorv32.v":238)
WARN  (EX3638) : 'instr_sb' is already implicitly declared on line 142("/home/muheet/picotiny/hw/picorv32.v":238)
WARN  (EX3638) : 'instr_sh' is already implicitly declared on line 143("/home/muheet/picotiny/hw/picorv32.v":238)
WARN  (EX3638) : 'instr_sw' is already implicitly declared on line 144("/home/muheet/picotiny/hw/picorv32.v":238)
WARN  (EX3638) : 'instr_addi' is already implicitly declared on line 146("/home/muheet/picotiny/hw/picorv32.v":239)
WARN  (EX3638) : 'instr_slti' is already implicitly declared on line 147("/home/muheet/picotiny/hw/picorv32.v":239)
WARN  (EX3638) : 'instr_sltiu' is already implicitly declared on line 148("/home/muheet/picotiny/hw/picorv32.v":239)
WARN  (EX3638) : 'instr_xori' is already implicitly declared on line 149("/home/muheet/picotiny/hw/picorv32.v":239)
WARN  (EX3638) : 'instr_ori' is already implicitly declared on line 150("/home/muheet/picotiny/hw/picorv32.v":239)
WARN  (EX3638) : 'instr_andi' is already implicitly declared on line 151("/home/muheet/picotiny/hw/picorv32.v":239)
WARN  (EX3638) : 'instr_slli' is already implicitly declared on line 153("/home/muheet/picotiny/hw/picorv32.v":239)
WARN  (EX3638) : 'instr_srli' is already implicitly declared on line 154("/home/muheet/picotiny/hw/picorv32.v":239)
WARN  (EX3638) : 'instr_srai' is already implicitly declared on line 155("/home/muheet/picotiny/hw/picorv32.v":239)
WARN  (EX3638) : 'instr_add' is already implicitly declared on line 157("/home/muheet/picotiny/hw/picorv32.v":240)
WARN  (EX3638) : 'instr_sub' is already implicitly declared on line 158("/home/muheet/picotiny/hw/picorv32.v":240)
WARN  (EX3638) : 'instr_sll' is already implicitly declared on line 159("/home/muheet/picotiny/hw/picorv32.v":240)
WARN  (EX3638) : 'instr_slt' is already implicitly declared on line 160("/home/muheet/picotiny/hw/picorv32.v":240)
WARN  (EX3638) : 'instr_sltu' is already implicitly declared on line 161("/home/muheet/picotiny/hw/picorv32.v":240)
WARN  (EX3638) : 'instr_xor' is already implicitly declared on line 162("/home/muheet/picotiny/hw/picorv32.v":240)
WARN  (EX3638) : 'instr_srl' is already implicitly declared on line 163("/home/muheet/picotiny/hw/picorv32.v":240)
WARN  (EX3638) : 'instr_sra' is already implicitly declared on line 164("/home/muheet/picotiny/hw/picorv32.v":240)
WARN  (EX3638) : 'instr_or' is already implicitly declared on line 165("/home/muheet/picotiny/hw/picorv32.v":240)
WARN  (EX3638) : 'instr_and' is already implicitly declared on line 166("/home/muheet/picotiny/hw/picorv32.v":240)
WARN  (EX3638) : 'instr_rdcycle' is already implicitly declared on line 168("/home/muheet/picotiny/hw/picorv32.v":241)
WARN  (EX3638) : 'instr_rdinstr' is already implicitly declared on line 169("/home/muheet/picotiny/hw/picorv32.v":241)
WARN  (EX3638) : 'decoded_rd' is already implicitly declared on line 175("/home/muheet/picotiny/hw/picorv32.v":244)
WARN  (EX3638) : 'decoded_rs1' is already implicitly declared on line 176("/home/muheet/picotiny/hw/picorv32.v":244)
WARN  (EX3638) : 'decoded_rs2' is already implicitly declared on line 177("/home/muheet/picotiny/hw/picorv32.v":244)
WARN  (EX3638) : 'decoded_imm_j' is already implicitly declared on line 179("/home/muheet/picotiny/hw/picorv32.v":245)
WARN  (EX3638) : 'decoder_trigger' is already implicitly declared on line 116("/home/muheet/picotiny/hw/picorv32.v":247)
WARN  (EX3638) : 'decoder_pseudo_trigger' is already implicitly declared on line 117("/home/muheet/picotiny/hw/picorv32.v":248)
WARN  (EX3638) : 'is_lb_lh_lw_lbu_lhu' is already implicitly declared on line 124("/home/muheet/picotiny/hw/picorv32.v":251)
WARN  (EX3638) : 'is_slli_srli_srai' is already implicitly declared on line 171("/home/muheet/picotiny/hw/picorv32.v":252)
WARN  (EX3638) : 'is_jalr_addi_slti_sltiu_xori_ori_andi' is already implicitly declared on line 172("/home/muheet/picotiny/hw/picorv32.v":253)
WARN  (EX3638) : 'is_sb_sh_sw' is already implicitly declared on line 125("/home/muheet/picotiny/hw/picorv32.v":254)
WARN  (EX3638) : 'is_sll_srl_sra' is already implicitly declared on line 173("/home/muheet/picotiny/hw/picorv32.v":255)
WARN  (EX3638) : 'is_beq_bne_blt_bge_bltu_bgeu' is already implicitly declared on line 123("/home/muheet/picotiny/hw/picorv32.v":259)
WARN  (EX3638) : 'is_alu_reg_imm' is already implicitly declared on line 126("/home/muheet/picotiny/hw/picorv32.v":261)
WARN  (EX3638) : 'is_alu_reg_reg' is already implicitly declared on line 127("/home/muheet/picotiny/hw/picorv32.v":262)
Analyzing Verilog file '/home/muheet/picotiny/hw/picotiny.v'
Analyzing Verilog file '/home/muheet/picotiny/hw/simpleuart.v'
Analyzing Verilog file '/home/muheet/picotiny/hw/spimemio_puya.v'
Analyzing Verilog file '/home/muheet/Documents/picotiny/project/src/decoder.v'
WARN  (EX3073) : Port 'mem_la_read' remains unconnected for this instance("/home/muheet/picotiny/hw/picotiny.v":131)
WARN  (EX3073) : Port 'picos4_valid' remains unconnected for this instance("/home/muheet/picotiny/hw/picotiny.v":221)
Compiling module 'picotiny'("/home/muheet/picotiny/hw/picotiny.v":3)
Compiling module 'Gowin_rPLL'("/home/muheet/picotiny/gowin_ip/gowin_rpll/gowin_rpll.v":9)
Compiling module 'Gowin_CLKDIV'("/home/muheet/picotiny/gowin_ip/gowin_clkdiv/gowin_clkdiv.v":9)
Compiling module 'Reset_Sync'("/home/muheet/picotiny/hw/picoperipheral.v":3)
Compiling module 'picorv32(PROGADDR_RESET=32'h8000_0000)'("/home/muheet/picotiny/hw/picorv32.v":27)
Extracting RAM for identifier 'cpuregs'("/home/muheet/picotiny/hw/picorv32.v":57)
WARN  (EX3827) : Synthesis - simulation differences may occur when using full_case directive("/home/muheet/picotiny/hw/picorv32.v":81)
Compiling module 'decoder'("/home/muheet/Documents/picotiny/project/src/decoder.v":1)
WARN  (EX3826) : Synthesis - simulation differences may occur when using parallel_case directive("/home/muheet/picotiny/hw/picorv32.v":290)
Compiling module 'alu'("/home/muheet/Documents/picotiny/project/src/alu.v":1)
WARN  (EX3791) : Expression size 32 truncated to fit in target size 1("/home/muheet/Documents/picotiny/project/src/alu.v":40)
WARN  (EX3827) : Synthesis - simulation differences may occur when using full_case directive("/home/muheet/Documents/picotiny/project/src/alu.v":42)
WARN  (EX3826) : Synthesis - simulation differences may occur when using parallel_case directive("/home/muheet/Documents/picotiny/project/src/alu.v":42)
WARN  (EX3827) : Synthesis - simulation differences may occur when using full_case directive("/home/muheet/Documents/picotiny/project/src/alu.v":59)
WARN  (EX3826) : Synthesis - simulation differences may occur when using parallel_case directive("/home/muheet/Documents/picotiny/project/src/alu.v":59)
WARN  (EX3826) : Synthesis - simulation differences may occur when using parallel_case directive("/home/muheet/picotiny/hw/picorv32.v":384)
WARN  (EX3791) : Expression size 32 truncated to fit in target size 5("/home/muheet/picotiny/hw/picorv32.v":410)
WARN  (EX3826) : Synthesis - simulation differences may occur when using parallel_case directive("/home/muheet/picotiny/hw/picorv32.v":447)
WARN  (EX3827) : Synthesis - simulation differences may occur when using full_case directive("/home/muheet/picotiny/hw/picorv32.v":492)
WARN  (EX3826) : Synthesis - simulation differences may occur when using parallel_case directive("/home/muheet/picotiny/hw/picorv32.v":492)
WARN  (EX3826) : Synthesis - simulation differences may occur when using parallel_case directive("/home/muheet/picotiny/hw/picorv32.v":486)
WARN  (EX3791) : Expression size 32 truncated to fit in target size 5("/home/muheet/picotiny/hw/picorv32.v":525)
WARN  (EX3826) : Synthesis - simulation differences may occur when using parallel_case directive("/home/muheet/picotiny/hw/picorv32.v":528)
WARN  (EX3791) : Expression size 32 truncated to fit in target size 5("/home/muheet/picotiny/hw/picorv32.v":546)
WARN  (EX3826) : Synthesis - simulation differences may occur when using parallel_case directive("/home/muheet/picotiny/hw/picorv32.v":550)
WARN  (EX3827) : Synthesis - simulation differences may occur when using full_case directive("/home/muheet/picotiny/hw/picorv32.v":593)
WARN  (EX3826) : Synthesis - simulation differences may occur when using parallel_case directive("/home/muheet/picotiny/hw/picorv32.v":593)
WARN  (EX3791) : Expression size 32 truncated to fit in target size 5("/home/muheet/picotiny/hw/picorv32.v":598)
WARN  (EX3827) : Synthesis - simulation differences may occur when using full_case directive("/home/muheet/picotiny/hw/picorv32.v":606)
WARN  (EX3826) : Synthesis - simulation differences may occur when using parallel_case directive("/home/muheet/picotiny/hw/picorv32.v":606)
WARN  (EX3827) : Synthesis - simulation differences may occur when using full_case directive("/home/muheet/picotiny/hw/picorv32.v":627)
WARN  (EX3826) : Synthesis - simulation differences may occur when using parallel_case directive("/home/muheet/picotiny/hw/picorv32.v":627)
WARN  (EX3827) : Synthesis - simulation differences may occur when using full_case directive("/home/muheet/picotiny/hw/picorv32.v":640)
WARN  (EX3826) : Synthesis - simulation differences may occur when using parallel_case directive("/home/muheet/picotiny/hw/picorv32.v":640)
WARN  (EX3827) : Synthesis - simulation differences may occur when using full_case directive("/home/muheet/picotiny/hw/picorv32.v":439)
Compiling module 'PicoMem_SRAM_8KB'("/home/muheet/picotiny/hw/picomemory.v":122)
Compiling module 'sram_2kx8'("/home/muheet/picotiny/gowin_ip/sram_2kx8/sram_2kx8.v":9)
Compiling module 'PicoMem_Mux_1_4'("/home/muheet/picotiny/hw/picoperipheral.v":196)
Compiling module 'PicoMem_Mux_1_4(PICOS0_ADDR_BASE=32'h8000_0000,PICOS0_ADDR_MASK=32'h0F00_0000,PICOS1_ADDR_BASE=32'h8100_0000,PICOS1_ADDR_MASK=32'h0F00_0000,PICOS2_ADDR_BASE=32'h8200_0000,PICOS2_ADDR_MASK=32'h0F00_0000,PICOS3_ADDR_BASE=32'h8300_0000,PICOS3_ADDR_MASK=32'h0F00_0000,PICOS4_ADDR_BASE=32'h8400_0000,PICOS4_ADDR_MASK=32'h0F00_0000)'("/home/muheet/picotiny/hw/picoperipheral.v":196)
Compiling module 'PicoMem_SPI_Flash'("/home/muheet/picotiny/hw/picoperipheral.v":129)
Compiling module 'spimemio_puya'("/home/muheet/picotiny/hw/spimemio_puya.v":20)
Compiling module 'spimemio_xfer'("/home/muheet/picotiny/hw/spimemio_puya.v":418)
WARN  (EX3791) : Expression size 8 truncated to fit in target size 4("/home/muheet/picotiny/hw/spimemio_puya.v":614)
WARN  (EX3791) : Expression size 25 truncated to fit in target size 24("/home/muheet/picotiny/hw/spimemio_puya.v":240)
Compiling module 'PicoMem_BOOT_SRAM_8KB'("/home/muheet/picotiny/hw/picomemory.v":32)
Compiling module 'bootram_2kx8_3'("/home/muheet/picotiny/gowin_ip/bootram_2kx8_3/bootram_2kx8_3.v":9)
Compiling module 'bootram_2kx8_2'("/home/muheet/picotiny/gowin_ip/bootram_2kx8_2/bootram_2kx8_2.v":9)
Compiling module 'bootram_2kx8_1'("/home/muheet/picotiny/gowin_ip/bootram_2kx8_1/bootram_2kx8_1.v":9)
Compiling module 'bootram_2kx8_0'("/home/muheet/picotiny/gowin_ip/bootram_2kx8_0/bootram_2kx8_0.v":9)
Compiling module 'PicoMem_GPIO'("/home/muheet/picotiny/hw/picoperipheral.v":66)
WARN  (EX3670) : Actual bit length 7 differs from formal bit length 32 for port 'io'("/home/muheet/picotiny/hw/picotiny.v":318)
Compiling module 'PicoMem_UART'("/home/muheet/picotiny/hw/picoperipheral.v":22)
Compiling module 'simpleuart'("/home/muheet/picotiny/hw/simpleuart.v":20)
WARN  (EX3791) : Expression size 5 truncated to fit in target size 4("/home/muheet/picotiny/hw/simpleuart.v":99)
WARN  (EX3791) : Expression size 32 truncated to fit in target size 4("/home/muheet/picotiny/hw/simpleuart.v":132)
Compiling module 'svo_hdmi_top'("/home/muheet/picotiny/hw/hdmi/svo_hdmi_top.v":23)
WARN  (EX3791) : Expression size 5 truncated to fit in target size 4("/home/muheet/picotiny/hw/hdmi/svo_hdmi_top.v":86)
WARN  (EX3791) : Expression size 5 truncated to fit in target size 4("/home/muheet/picotiny/hw/hdmi/svo_hdmi_top.v":89)
Compiling module 'svo_tcard(SVO_MODE="640x480V")'("/home/muheet/picotiny/hw/hdmi/svo_tcard.v":50)
WARN  (EX3045) : Case equality operator always evaluates to false due to comparison with 'x' or 'z'("/home/muheet/picotiny/hw/hdmi/svo_tcard.v":63)
WARN  (EX3791) : Expression size 19 truncated to fit in target size 16("/home/muheet/picotiny/hw/hdmi/svo_tcard.v":80)
Compiling module 'Gowin_SP'("/home/muheet/Documents/picotiny/project/src/gowin_sp/gowin_sp.v":10)
WARN  (EX3791) : Expression size 15 truncated to fit in target size 14("/home/muheet/picotiny/hw/hdmi/svo_tcard.v":127)
WARN  (EX3791) : Expression size 10 truncated to fit in target size 9("/home/muheet/picotiny/hw/hdmi/svo_tcard.v":129)
WARN  (EX3791) : Expression size 10 truncated to fit in target size 9("/home/muheet/picotiny/hw/hdmi/svo_tcard.v":130)
WARN  (EX3791) : Expression size 15 truncated to fit in target size 14("/home/muheet/picotiny/hw/hdmi/svo_tcard.v":133)
WARN  (EX3791) : Expression size 10 truncated to fit in target size 9("/home/muheet/picotiny/hw/hdmi/svo_tcard.v":135)
WARN  (EX3791) : Expression size 11 truncated to fit in target size 10("/home/muheet/picotiny/hw/hdmi/svo_tcard.v":136)
WARN  (EX3670) : Actual bit length 4 differs from formal bit length 8 for port 'fb_in_tdata'("/home/muheet/picotiny/hw/hdmi/svo_hdmi_top.v":101)
Compiling module 'svo_term(SVO_MODE="640x480V")'("/home/muheet/picotiny/hw/hdmi/svo_term.v":23)
Extracting RAM for identifier 'mem'("/home/muheet/picotiny/hw/hdmi/svo_term.v":64)
WARN  (EX3045) : Case equality operator always evaluates to false due to comparison with 'x' or 'z'("/home/muheet/picotiny/hw/hdmi/svo_term.v":54)
WARN  (EX3791) : Expression size 12 truncated to fit in target size 11("/home/muheet/picotiny/hw/hdmi/svo_term.v":144)
WARN  (EX3791) : Expression size 12 truncated to fit in target size 11("/home/muheet/picotiny/hw/hdmi/svo_term.v":145)
WARN  (EX3791) : Expression size 32 truncated to fit in target size 11("/home/muheet/picotiny/hw/hdmi/svo_term.v":192)
WARN  (EX3791) : Expression size 15 truncated to fit in target size 14("/home/muheet/picotiny/hw/hdmi/svo_term.v":371)
WARN  (EX3791) : Expression size 15 truncated to fit in target size 14("/home/muheet/picotiny/hw/hdmi/svo_term.v":373)
WARN  (EX3791) : Expression size 12 truncated to fit in target size 11("/home/muheet/picotiny/hw/hdmi/svo_term.v":389)
WARN  (EX3791) : Expression size 4 truncated to fit in target size 3("/home/muheet/picotiny/hw/hdmi/svo_term.v":433)
WARN  (EX3791) : Expression size 4 truncated to fit in target size 3("/home/muheet/picotiny/hw/hdmi/svo_term.v":439)
Compiling module 'svo_overlay(SVO_MODE="640x480V")'("/home/muheet/picotiny/hw/hdmi/svo_utils.v":250)
WARN  (EX3045) : Case equality operator always evaluates to false due to comparison with 'x' or 'z'("/home/muheet/picotiny/hw/hdmi/svo_utils.v":275)
WARN  (EX3791) : Expression size 2 truncated to fit in target size 1("/home/muheet/picotiny/hw/hdmi/svo_utils.v":303)
Compiling module 'svo_buf(SVO_MODE="640x480V")'("/home/muheet/picotiny/hw/hdmi/svo_utils.v":101)
WARN  (EX3045) : Case equality operator always evaluates to false due to comparison with 'x' or 'z'("/home/muheet/picotiny/hw/hdmi/svo_utils.v":121)
Compiling module 'svo_axis_pipe(TDATA_WIDTH=24)'("/home/muheet/picotiny/hw/hdmi/svo_utils.v":31)
Compiling module 'svo_buf(TUSER_WIDTH=2,SVO_MODE="640x480V")'("/home/muheet/picotiny/hw/hdmi/svo_utils.v":101)
WARN  (EX3045) : Case equality operator always evaluates to false due to comparison with 'x' or 'z'("/home/muheet/picotiny/hw/hdmi/svo_utils.v":121)
Compiling module 'svo_axis_pipe(TDATA_WIDTH=24,TUSER_WIDTH=2)'("/home/muheet/picotiny/hw/hdmi/svo_utils.v":31)
Compiling module 'svo_enc(SVO_MODE="640x480V")'("/home/muheet/picotiny/hw/hdmi/svo_enc.v":23)
Extracting RAM for identifier 'ctrl_fifo'("/home/muheet/picotiny/hw/hdmi/svo_enc.v":48)
Extracting RAM for identifier 'pixel_fifo'("/home/muheet/picotiny/hw/hdmi/svo_enc.v":51)
Extracting RAM for identifier 'out_fifo'("/home/muheet/picotiny/hw/hdmi/svo_enc.v":54)
WARN  (EX3045) : Case equality operator always evaluates to false due to comparison with 'x' or 'z'("/home/muheet/picotiny/hw/hdmi/svo_enc.v":43)
WARN  (EX3791) : Expression size 3 truncated to fit in target size 2("/home/muheet/picotiny/hw/hdmi/svo_enc.v":92)
WARN  (EX3791) : Expression size 15 truncated to fit in target size 14("/home/muheet/picotiny/hw/hdmi/svo_enc.v":96)
WARN  (EX3791) : Expression size 15 truncated to fit in target size 14("/home/muheet/picotiny/hw/hdmi/svo_enc.v":98)
WARN  (EX3791) : Expression size 4 truncated to fit in target size 3("/home/muheet/picotiny/hw/hdmi/svo_enc.v":110)
WARN  (EX3791) : Expression size 4 truncated to fit in target size 3("/home/muheet/picotiny/hw/hdmi/svo_enc.v":125)
WARN  (EX3791) : Expression size 3 truncated to fit in target size 2("/home/muheet/picotiny/hw/hdmi/svo_enc.v":129)
WARN  (EX3791) : Expression size 3 truncated to fit in target size 2("/home/muheet/picotiny/hw/hdmi/svo_enc.v":130)
WARN  (EX3791) : Expression size 3 truncated to fit in target size 2("/home/muheet/picotiny/hw/hdmi/svo_enc.v":133)
WARN  (EX3791) : Expression size 3 truncated to fit in target size 2("/home/muheet/picotiny/hw/hdmi/svo_enc.v":134)
WARN  (EX3791) : Expression size 4 truncated to fit in target size 3("/home/muheet/picotiny/hw/hdmi/svo_enc.v":135)
WARN  (EX3791) : Expression size 3 truncated to fit in target size 2("/home/muheet/picotiny/hw/hdmi/svo_enc.v":155)
WARN  (EX3791) : Expression size 3 truncated to fit in target size 2("/home/muheet/picotiny/hw/hdmi/svo_enc.v":159)
Compiling module 'svo_tmds'("/home/muheet/picotiny/hw/hdmi/svo_tmds.v":23)
WARN  (EX1998) : Net 'wbp_rdata[31]' does not have a driver("/home/muheet/picotiny/hw/picotiny.v":58)
NOTE  (EX0101) : Current top module is "picotiny"
[5%] Running netlist conversion ...
Running device independent optimization ...
[10%] Optimizing Phase 0 completed
[15%] Optimizing Phase 1 completed
[25%] Optimizing Phase 2 completed
Running inference ...
[30%] Inferring Phase 0 completed
[40%] Inferring Phase 1 completed
[50%] Inferring Phase 2 completed
[55%] Inferring Phase 3 completed
Running technical mapping ...
[60%] Tech-Mapping Phase 0 completed
[65%] Tech-Mapping Phase 1 completed
[75%] Tech-Mapping Phase 2 completed
[80%] Tech-Mapping Phase 3 completed
[90%] Tech-Mapping Phase 4 completed
[95%] Generate netlist file "/home/muheet/Documents/picotiny/project/impl/gwsynthesis/picotiny.vg" completed
[100%] Generate report file "/home/muheet/Documents/picotiny/project/impl/gwsynthesis/picotiny_syn.rpt.html" completed
GowinSynthesis finish
